[INFO] 12:42:11 ts-node-dev ver. 2.0.0 (using ts-node ver. 10.9.2, typescript ver. 5.9.3)
(node:17184) [MONGOOSE] Warning: Duplicate schema index on {"email":1} found. This is often due to declaring an index using both "index: true" and "schema.index()". Please remove the duplicate index definition.
(Use `node --trace-warnings ...` to show where the warning was created)
(node:17184) [MONGOOSE] Warning: Duplicate schema index on {"employeeCode":1} found. This is often due to declaring an index using both "index: true" and "schema.index()". Please remove the duplicate index definition.
(node:17184) [MONGOOSE] Warning: Duplicate schema index on {"siteCode":1} found. This is often due to declaring an index using both "index: true" and "schema.index()". Please remove the duplicate index definition.
(node:17184) [MONGOOSE] Warning: Duplicate schema index on {"code":1} found. This is often due to declaring an index using both "index: true" and "schema.index()". Please remove the duplicate index definition.
(node:17184) [MONGOOSE] Warning: Duplicate schema index on {"code":1} found. This is often due to declaring an index using both "index: true" and "schema.index()". Please remove the duplicate index definition.
(node:17184) [MONGOOSE] Warning: Duplicate schema index on {"name":1} found. This is often due to declaring an index using both "index: true" and "schema.index()". Please remove the duplicate index definition.
(node:17184) [MONGOOSE] Warning: Duplicate schema index on {"name":1} found. This is often due to declaring an index using both "index: true" and "schema.index()". Please remove the duplicate index definition.
[DB] MongoDB connected: 127.0.0.1
[PERMISSIONS] All module permissions registered
[SERVER] Running on port 5000 in development mode
[2026-09-16T09:43:21.791Z] POST /api/auth/login
[0mPOST /api/auth/login [32m200[0m 735.290 ms - 592[0m
[2026-09-16T09:43:22.541Z] POST /api/auth/login
[0mPOST /api/auth/login [32m200[0m 632.978 ms - 560[0m
[2026-09-16T09:43:23.179Z] POST /api/auth/login
[0mPOST /api/auth/login [32m200[0m 631.019 ms - 566[0m
[2026-09-16T09:43:23.814Z] POST /api/auth/login
[0mPOST /api/auth/login [32m200[0m 619.561 ms - 559[0m
[2026-09-16T09:43:24.439Z] POST /api/auth/login
[0mPOST /api/auth/login [32m200[0m 614.146 ms - 579[0m
[2026-09-16T09:43:25.063Z] GET /api/office-payroll?limit=50
[0mGET /api/office-payroll?limit=50 [32m200[0m 132.012 ms - 9269[0m
[2026-09-16T09:43:25.202Z] POST /api/office-payroll/generate/000000000000000000000000
[ERROR] 403 - Insufficient permissions
[0mPOST /api/office-payroll/generate/000000000000000000000000 [33m403[0m 12.182 ms - 1365[0m
[2026-09-16T09:43:25.223Z] PUT /api/office-payroll/6aa8e976751bf3cd6f79371b/salary
[ERROR] 403 - Insufficient permissions
[0mPUT /api/office-payroll/6aa8e976751bf3cd6f79371b/salary [33m403[0m 7.038 ms - 1365[0m
[2026-09-16T09:43:25.238Z] POST /api/office-payroll/6aa8e976751bf3cd6f79371b/enter-ot
[ERROR] 403 - Insufficient permissions
[0mPOST /api/office-payroll/6aa8e976751bf3cd6f79371b/enter-ot [33m403[0m 6.585 ms - 1365[0m
[2026-09-16T09:43:25.255Z] POST /api/office-payroll/6aa8e976751bf3cd6f79371b/calculate
[ERROR] 403 - Insufficient permissions
[0mPOST /api/office-payroll/6aa8e976751bf3cd6f79371b/calculate [33m403[0m 5.712 ms - 1365[0m
[2026-09-16T09:43:25.266Z] POST /api/office-payroll/6aa8e976751bf3cd6f79371b/submit
[ERROR] 403 - Insufficient permissions
[0mPOST /api/office-payroll/6aa8e976751bf3cd6f79371b/submit [33m403[0m 5.331 ms - 1365[0m
[2026-09-16T09:43:25.275Z] POST /api/office-payroll/6aa8e976751bf3cd6f79371b/check
[ERROR] 403 - Insufficient permissions
[0mPOST /api/office-payroll/6aa8e976751bf3cd6f79371b/check [33m403[0m 5.164 ms - 1365[0m
[2026-09-16T09:43:25.284Z] POST /api/office-payroll/6aa8e976751bf3cd6f79371b/approve
[ERROR] 403 - Insufficient permissions
[0mPOST /api/office-payroll/6aa8e976751bf3cd6f79371b/approve [33m403[0m 5.449 ms - 1365[0m
[2026-09-16T09:43:25.293Z] POST /api/office-payroll/6aa8e976751bf3cd6f79371b/return
[ERROR] 403 - Insufficient permissions
[0mPOST /api/office-payroll/6aa8e976751bf3cd6f79371b/return [33m403[0m 6.217 ms - 1365[0m
[2026-09-16T09:43:25.303Z] POST /api/office-payroll/6aa8e976751bf3cd6f79371b/initiate-payment
[ERROR] 403 - Insufficient permissions
[0mPOST /api/office-payroll/6aa8e976751bf3cd6f79371b/initiate-payment [33m403[0m 4.780 ms - 1365[0m
[2026-09-16T09:43:25.315Z] POST /api/office-payroll/6aa8e976751bf3cd6f79371b/confirm-paid
[ERROR] 403 - Insufficient permissions
[0mPOST /api/office-payroll/6aa8e976751bf3cd6f79371b/confirm-paid [33m403[0m 5.509 ms - 1365[0m
[2026-09-16T09:43:25.325Z] GET /api/office-payroll?limit=5
[0mGET /api/office-payroll?limit=5 [32m200[0m 50.651 ms - 9268[0m
[2026-09-16T09:43:25.382Z] GET /api/office-payroll?limit=50
[0mGET /api/office-payroll?limit=50 [32m200[0m 48.028 ms - 9269[0m
[2026-09-16T09:43:25.436Z] POST /api/office-payroll/6aa8e976751bf3cd6f79370f/submit
[ERROR] 400 - Record must be CALCULATED or RETURNED
[0mPOST /api/office-payroll/6aa8e976751bf3cd6f79370f/submit [33m400[0m 18.948 ms - 602[0m
[2026-09-16T09:43:25.458Z] POST /api/office-payroll/6aa8e976751bf3cd6f793715/calculate
[ERROR] 400 - Record must be DRAFT or RETURNED
[0mPOST /api/office-payroll/6aa8e976751bf3cd6f793715/calculate [33m400[0m 13.447 ms - 597[0m
[2026-09-16T09:43:25.474Z] GET /api/office-payroll?limit=50
[0mGET /api/office-payroll?limit=50 [32m200[0m 32.229 ms - 9269[0m
[2026-09-16T09:43:25.510Z] PUT /api/office-payroll/6aa8e976751bf3cd6f79370f/salary
[0mPUT /api/office-payroll/6aa8e976751bf3cd6f79370f/salary [32m200[0m 21.185 ms - 661[0m
[2026-09-16T09:43:25.543Z] POST /api/office-payroll/6aa8e976751bf3cd6f79370f/calculate
[0mPOST /api/office-payroll/6aa8e976751bf3cd6f79370f/calculate [32m200[0m 165.930 ms - 1583[0m
[2026-09-16T09:43:25.716Z] GET /api/office-payroll/6aa8e976751bf3cd6f79370f
[0mGET /api/office-payroll/6aa8e976751bf3cd6f79370f [32m200[0m 22.887 ms - 1815[0m
[2026-09-16T09:43:25.743Z] POST /api/office-payroll/6aa8e976751bf3cd6f79370f/submit
[0mPOST /api/office-payroll/6aa8e976751bf3cd6f79370f/submit [32m200[0m 41.940 ms - 822[0m
[2026-09-16T09:43:25.791Z] POST /api/office-payroll/6aa8e976751bf3cd6f79370f/check
[0mPOST /api/office-payroll/6aa8e976751bf3cd6f79370f/check [32m200[0m 23.288 ms - 898[0m
[2026-09-16T09:43:25.820Z] POST /api/office-payroll/6aa8e976751bf3cd6f79370f/return
[0mPOST /api/office-payroll/6aa8e976751bf3cd6f79370f/return [32m200[0m 20.900 ms - 1018[0m
[2026-09-16T09:43:25.846Z] PUT /api/office-payroll/6aa8e976751bf3cd6f79370f/salary
[0mPUT /api/office-payroll/6aa8e976751bf3cd6f79370f/salary [32m200[0m 18.835 ms - 1015[0m
[2026-09-16T09:43:25.871Z] POST /api/office-payroll/6aa8e976751bf3cd6f79370f/calculate
[0mPOST /api/office-payroll/6aa8e976751bf3cd6f79370f/calculate [32m200[0m 83.085 ms - 1859[0m
[2026-09-16T09:43:25.959Z] GET /api/office-payroll/6aa8e976751bf3cd6f79370f
[0mGET /api/office-payroll/6aa8e976751bf3cd6f79370f [32m200[0m 23.866 ms - 2091[0m
[2026-09-16T09:43:25.987Z] GET /api/guard-payroll?limit=50
[0mGET /api/guard-payroll?limit=50 [32m200[0m 59.986 ms - 6562[0m
[2026-09-16T09:43:26.050Z] GET /api/guard-payroll/6aa7be9ecd28b7e5c2381844
[0mGET /api/guard-payroll/6aa7be9ecd28b7e5c2381844 [32m200[0m 36.204 ms - 2054[0m
[2026-09-16T09:43:26.092Z] POST /api/guard-payroll/6aa7be9ecd28b7e5c2381844/submit
[0mPOST /api/guard-payroll/6aa7be9ecd28b7e5c2381844/submit [32m200[0m 41.408 ms - 891[0m
[2026-09-16T09:43:26.138Z] POST /api/guard-payroll/6aa7be9ecd28b7e5c2381844/check
[0mPOST /api/guard-payroll/6aa7be9ecd28b7e5c2381844/check [32m200[0m 23.432 ms - 967[0m
[2026-09-16T09:43:26.166Z] GET /api/guard-payroll/6aa7be9ecd28b7e5c2381844
[0mGET /api/guard-payroll/6aa7be9ecd28b7e5c2381844 [32m200[0m 20.610 ms - 2211[0m
[2026-09-16T09:43:26.190Z] POST /api/guard-payroll/6aa7be9ecd28b7e5c2381844/return
[0mPOST /api/guard-payroll/6aa7be9ecd28b7e5c2381844/return [32m200[0m 19.536 ms - 1081[0m
[2026-09-16T09:43:26.214Z] GET /api/guard-payroll?limit=50
[0mGET /api/guard-payroll?limit=50 [32m200[0m 36.542 ms - 6833[0m
[2026-09-16T09:43:26.253Z] GET /api/guard-payroll/6aa7be9ecd28b7e5c2381844
[0mGET /api/guard-payroll/6aa7be9ecd28b7e5c2381844 [32m200[0m 18.929 ms - 2325[0m
[2026-09-16T09:43:26.275Z] POST /api/guard-payroll/6aa7be9ecd28b7e5c2381844/calculate
[0mPOST /api/guard-payroll/6aa7be9ecd28b7e5c2381844/calculate [32m200[0m 50.508 ms - 2059[0m
[2026-09-16T09:43:26.330Z] GET /api/guard-payroll/6aa7be9ecd28b7e5c2381844
[0mGET /api/guard-payroll/6aa7be9ecd28b7e5c2381844 [32m200[0m 30.809 ms - 2291[0m
[2026-09-16T09:43:26.364Z] POST /api/guard-payroll/6aa7be9ecd28b7e5c2381844/submit
[0mPOST /api/guard-payroll/6aa7be9ecd28b7e5c2381844/submit [32m200[0m 26.486 ms - 1046[0m
[2026-09-16T09:43:26.394Z] GET /api/guard-payroll/6aa7be9ecd28b7e5c2381844
[0mGET /api/guard-payroll/6aa7be9ecd28b7e5c2381844 [32m200[0m 28.796 ms - 2290[0m
[2026-09-16T09:43:26.426Z] POST /api/guard-payroll/6aa7be9ecd28b7e5c2381844/check
[0mPOST /api/guard-payroll/6aa7be9ecd28b7e5c2381844/check [32m200[0m 36.205 ms - 1044[0m
[2026-09-16T09:43:26.466Z] GET /api/guard-payroll/6aa7be9ecd28b7e5c2381844
[0mGET /api/guard-payroll/6aa7be9ecd28b7e5c2381844 [32m200[0m 37.164 ms - 2288[0m
[2026-09-16T09:43:26.506Z] POST /api/guard-payroll/6aa7be9ecd28b7e5c2381844/approve
[0mPOST /api/guard-payroll/6aa7be9ecd28b7e5c2381844/approve [32m200[0m 21.028 ms - 1125[0m
[2026-09-16T09:43:26.532Z] GET /api/guard-payroll/6aa7be9ecd28b7e5c2381844
[0mGET /api/guard-payroll/6aa7be9ecd28b7e5c2381844 [32m200[0m 21.654 ms - 2369[0m
[2026-09-16T09:43:26.556Z] POST /api/guard-payroll/6aa7be9ecd28b7e5c2381844/return
[ERROR] 403 - Only HEAD may return an APPROVED record for correction
[0mPOST /api/guard-payroll/6aa7be9ecd28b7e5c2381844/return [33m403[0m 9.193 ms - 658[0m
[2026-09-16T09:43:26.570Z] POST /api/guard-payroll/6aa7be9ecd28b7e5c2381844/return
[0mPOST /api/guard-payroll/6aa7be9ecd28b7e5c2381844/return [32m200[0m 21.701 ms - 1127[0m
[2026-09-16T09:43:26.596Z] GET /api/office-payroll?limit=50
[0mGET /api/office-payroll?limit=50 [32m200[0m 37.699 ms - 9628[0m
[2026-09-16T09:43:26.638Z] GET /api/office-payroll/6aa8e976751bf3cd6f79371b
[0mGET /api/office-payroll/6aa8e976751bf3cd6f79371b [32m200[0m 23.542 ms - 2304[0m
[2026-09-16T09:43:26.664Z] POST /api/office-payroll/6aa8e976751bf3cd6f79371b/calculate
[0mPOST /api/office-payroll/6aa8e976751bf3cd6f79371b/calculate [32m200[0m 64.465 ms - 2074[0m
[2026-09-16T09:43:26.733Z] GET /api/office-payroll/6aa8e976751bf3cd6f79371b
[0mGET /api/office-payroll/6aa8e976751bf3cd6f79371b [32m200[0m 17.040 ms - 2306[0m
[2026-09-16T09:43:26.753Z] POST /api/office-payroll/6aa8e976751bf3cd6f79371b/submit
[0mPOST /api/office-payroll/6aa8e976751bf3cd6f79371b/submit [32m200[0m 18.000 ms - 1245[0m
[2026-09-16T09:43:26.775Z] GET /api/office-payroll/6aa8e976751bf3cd6f79371b
[0mGET /api/office-payroll/6aa8e976751bf3cd6f79371b [32m200[0m 17.828 ms - 2305[0m
[2026-09-16T09:43:26.796Z] POST /api/office-payroll/6aa8e976751bf3cd6f79371b/check
[0mPOST /api/office-payroll/6aa8e976751bf3cd6f79371b/check [32m200[0m 18.234 ms - 1243[0m
[2026-09-16T09:43:26.819Z] GET /api/office-payroll/6aa8e976751bf3cd6f79371b
[0mGET /api/office-payroll/6aa8e976751bf3cd6f79371b [32m200[0m 19.165 ms - 2303[0m
[2026-09-16T09:43:26.841Z] POST /api/office-payroll/6aa8e976751bf3cd6f79371b/return
[0mPOST /api/office-payroll/6aa8e976751bf3cd6f79371b/return [32m200[0m 20.440 ms - 1261[0m
[2026-09-16T09:43:26.866Z] GET /api/office-payroll?limit=50
[0mGET /api/office-payroll?limit=50 [32m200[0m 42.847 ms - 9645[0m
[2026-09-16T09:43:26.912Z] POST /api/office-payroll/6aa7be9ecd28b7e5c2381813/return
[ERROR] 403 - Only HEAD may return an APPROVED record for correction
[0mPOST /api/office-payroll/6aa7be9ecd28b7e5c2381813/return [33m403[0m 8.478 ms - 662[0m
[2026-09-16T09:43:26.924Z] POST /api/office-payroll/6aa7be9ecd28b7e5c2381813/return
[0mPOST /api/office-payroll/6aa7be9ecd28b7e5c2381813/return [32m200[0m 22.149 ms - 1121[0m
[2026-09-16T09:43:26.952Z] GET /api/office-payroll?limit=50
[0mGET /api/office-payroll?limit=50 [32m200[0m 37.006 ms - 9766[0m
[2026-09-16T09:43:26.993Z] GET /api/office-payroll/6aa8e976751bf3cd6f79371b
[0mGET /api/office-payroll/6aa8e976751bf3cd6f79371b [32m200[0m 25.139 ms - 2321[0m
[2026-09-16T09:43:27.021Z] POST /api/office-payroll/6aa8e976751bf3cd6f79371b/calculate
[0mPOST /api/office-payroll/6aa8e976751bf3cd6f79371b/calculate [32m200[0m 89.349 ms - 2091[0m
[2026-09-16T09:43:27.116Z] POST /api/office-payroll/6aa8e976751bf3cd6f79371b/submit
[0mPOST /api/office-payroll/6aa8e976751bf3cd6f79371b/submit [32m200[0m 21.124 ms - 1262[0m
[2026-09-16T09:43:27.141Z] POST /api/office-payroll/6aa8e976751bf3cd6f79371b/check
[0mPOST /api/office-payroll/6aa8e976751bf3cd6f79371b/check [32m200[0m 23.351 ms - 1260[0m
[2026-09-16T09:43:27.169Z] POST /api/office-payroll/6aa8e976751bf3cd6f79371b/approve
[0mPOST /api/office-payroll/6aa8e976751bf3cd6f79371b/approve [32m200[0m 46.339 ms - 1261[0m
[2026-09-16T09:43:27.225Z] POST /api/office-payroll/6aa8e976751bf3cd6f79371b/initiate-payment
[0mPOST /api/office-payroll/6aa8e976751bf3cd6f79371b/initiate-payment [32m200[0m 89.479 ms - 1271[0m
[2026-09-16T09:43:27.320Z] POST /api/office-payroll/6aa8e976751bf3cd6f79371b/confirm-paid
[ERROR] 500 - E11000 duplicate key error collection: vitalpayroll.journalentries index: entryNumber_1 dup key: { entryNumber: "JE-202609-0001" }
MongoServerError: E11000 duplicate key error collection: vitalpayroll.journalentries index: entryNumber_1 dup key: { entryNumber: "JE-202609-0001" }
    at InsertOneOperation.handleOk (C:\Users\Kal\Desktop\junkie\Vitalpayroll\backend\node_modules\mongodb\src\operations\insert.ts:79:13)
    at tryOperation (C:\Users\Kal\Desktop\junkie\Vitalpayroll\backend\node_modules\mongodb\src\operations\execute_operation.ts:290:26)
    at processTicksAndRejections (node:internal/process/task_queues:105:5)
    at executeOperation (C:\Users\Kal\Desktop\junkie\Vitalpayroll\backend\node_modules\mongodb\src\operations\execute_operation.ts:119:12)
    at Collection.insertOne (C:\Users\Kal\Desktop\junkie\Vitalpayroll\backend\node_modules\mongodb\src\collection.ts:294:12)
[0mPOST /api/office-payroll/6aa8e976751bf3cd6f79371b/confirm-paid [31m500[0m 72.891 ms - 983[0m
[2026-09-16T09:43:27.396Z] GET /api/office-payroll/6aa8e976751bf3cd6f79371b
[0mGET /api/office-payroll/6aa8e976751bf3cd6f79371b [32m200[0m 23.895 ms - 2331[0m
[2026-09-16T09:43:27.422Z] GET /api/journal?limit=5
[0mGET /api/journal?limit=5 [32m200[0m 19.696 ms - 2709[0m
